{
  "title": "",
  "ctx": null,
  "suites": [
    {
      "title": "Generic Test Suite",
      "ctx": null,
      "suites": [
        {
          "title": "example-sdk",
          "ctx": null,
          "suites": [],
          "tests": [
            {
              "type": "test",
              "title": "Requirement 1: The credential must have a valid identifier (Valid)",
              "body": "async function() {\n          if (!features[requiredFeature]) {\n            console.log(`Skipping test \"${testName}\" for ${i.name} due to missing feature: ${requiredFeature}`);\n            this.skip();\n            return;\n          }\n\n          console.log(`Running test: ${testName} for implementation: ${i.name}`);\n          await generateTestResults(i.name, testConfig);\n          this.test.cell = {columnId: i.name, rowId: testName};\n          const result = await checkTestResults(i.name, testConfig);\n          console.log(`Test result for ${i.name} - ${testName}: ${result}`);\n          should.equal(result, testConfig.expected_result);\n\n          // Log the test result in a format that matches the report generator's expectations\n          console.log(`Reporter data: ${this.test.cell.columnId},${this.test.cell.rowId},${result}`);\n        }",
              "async": 0,
              "sync": true,
              "_timeout": 150000,
              "_slow": 75,
              "_retries": -1,
              "timedOut": false,
              "_currentRetry": 0,
              "pending": false,
              "file": "/home/runner/work/vc-test-suite-template/vc-test-suite-template/tests/test-runner.js",
              "parent": "KxuOc9-0qGTbqjBC01t47",
              "ctx": null,
              "_testId": "urn:uuid:0d129684-5526-46d6-bbf7-ecbd4a11d95e",
              "_events": {},
              "_eventsCount": 1,
              "timer": {
                "_idleTimeout": -1,
                "_idlePrev": null,
                "_idleNext": null,
                "_idleStart": 228,
                "_onTimeout": null,
                "_repeat": null,
                "_destroyed": true
              },
              "cell": {
                "columnId": "example-sdk",
                "rowId": "Requirement 1: The credential must have a valid identifier (Valid)"
              },
              "duration": 190,
              "state": "failed",
              "err": {
                "name": "AssertionError",
                "message": "expected 'error' to equal 'success'",
                "showDiff": true,
                "actual": "error",
                "expected": "success",
                "operator": "strictEqual",
                "stack": "AssertionError: expected 'error' to equal 'success'\n    at should.equal (node_modules/chai/lib/chai/interface/should.js:98:35)\n    at Context.<anonymous> (file:///home/runner/work/vc-test-suite-template/vc-test-suite-template/tests/test-runner.js:41:18)"
              }
            },
            {
              "type": "test",
              "title": "Requirement 1: The credential must have a valid identifier (Invalid)",
              "body": "async function() {\n          if (!features[requiredFeature]) {\n            console.log(`Skipping test \"${testName}\" for ${i.name} due to missing feature: ${requiredFeature}`);\n            this.skip();\n            return;\n          }\n\n          console.log(`Running test: ${testName} for implementation: ${i.name}`);\n          await generateTestResults(i.name, testConfig);\n          this.test.cell = {columnId: i.name, rowId: testName};\n          const result = await checkTestResults(i.name, testConfig);\n          console.log(`Test result for ${i.name} - ${testName}: ${result}`);\n          should.equal(result, testConfig.expected_result);\n\n          // Log the test result in a format that matches the report generator's expectations\n          console.log(`Reporter data: ${this.test.cell.columnId},${this.test.cell.rowId},${result}`);\n        }",
              "async": 0,
              "sync": true,
              "_timeout": 150000,
              "_slow": 75,
              "_retries": -1,
              "timedOut": false,
              "_currentRetry": 0,
              "pending": false,
              "file": "/home/runner/work/vc-test-suite-template/vc-test-suite-template/tests/test-runner.js",
              "parent": "KxuOc9-0qGTbqjBC01t47",
              "ctx": null,
              "_testId": "urn:uuid:f2e9c6c1-f321-4da1-b965-8ac7a1a60275",
              "_events": {},
              "_eventsCount": 1,
              "timer": {
                "_idleTimeout": -1,
                "_idlePrev": null,
                "_idleNext": null,
                "_idleStart": 417,
                "_onTimeout": null,
                "_repeat": null,
                "_destroyed": true
              },
              "cell": {
                "columnId": "example-sdk",
                "rowId": "Requirement 1: The credential must have a valid identifier (Invalid)"
              },
              "duration": 186,
              "state": "failed",
              "err": {
                "name": "AssertionError",
                "message": "expected 'error' to equal 'failure'",
                "showDiff": true,
                "actual": "error",
                "expected": "failure",
                "operator": "strictEqual",
                "stack": "AssertionError: expected 'error' to equal 'failure'\n    at should.equal (node_modules/chai/lib/chai/interface/should.js:98:35)\n    at Context.<anonymous> (file:///home/runner/work/vc-test-suite-template/vc-test-suite-template/tests/test-runner.js:41:18)"
              }
            },
            {
              "type": "test",
              "title": "Requirement 2: The credential must have the correct type (Valid)",
              "body": "async function() {\n          if (!features[requiredFeature]) {\n            console.log(`Skipping test \"${testName}\" for ${i.name} due to missing feature: ${requiredFeature}`);\n            this.skip();\n            return;\n          }\n\n          console.log(`Running test: ${testName} for implementation: ${i.name}`);\n          await generateTestResults(i.name, testConfig);\n          this.test.cell = {columnId: i.name, rowId: testName};\n          const result = await checkTestResults(i.name, testConfig);\n          console.log(`Test result for ${i.name} - ${testName}: ${result}`);\n          should.equal(result, testConfig.expected_result);\n\n          // Log the test result in a format that matches the report generator's expectations\n          console.log(`Reporter data: ${this.test.cell.columnId},${this.test.cell.rowId},${result}`);\n        }",
              "async": 0,
              "sync": true,
              "_timeout": 150000,
              "_slow": 75,
              "_retries": -1,
              "timedOut": false,
              "_currentRetry": 0,
              "pending": false,
              "file": "/home/runner/work/vc-test-suite-template/vc-test-suite-template/tests/test-runner.js",
              "parent": "KxuOc9-0qGTbqjBC01t47",
              "ctx": null,
              "_testId": "urn:uuid:0440429b-563e-4803-9c1e-82a01ac0d4f9",
              "_events": {},
              "_eventsCount": 1,
              "timer": {
                "_idleTimeout": -1,
                "_idlePrev": null,
                "_idleNext": null,
                "_idleStart": 604,
                "_onTimeout": null,
                "_repeat": null,
                "_destroyed": true
              },
              "cell": {
                "columnId": "example-sdk",
                "rowId": "Requirement 2: The credential must have the correct type (Valid)"
              },
              "duration": 186,
              "state": "failed",
              "err": {
                "name": "AssertionError",
                "message": "expected 'error' to equal 'success'",
                "showDiff": true,
                "actual": "error",
                "expected": "success",
                "operator": "strictEqual",
                "stack": "AssertionError: expected 'error' to equal 'success'\n    at should.equal (node_modules/chai/lib/chai/interface/should.js:98:35)\n    at Context.<anonymous> (file:///home/runner/work/vc-test-suite-template/vc-test-suite-template/tests/test-runner.js:41:18)"
              }
            },
            {
              "type": "test",
              "title": "Requirement 2: The credential must have the correct type (Invalid)",
              "body": "async function() {\n          if (!features[requiredFeature]) {\n            console.log(`Skipping test \"${testName}\" for ${i.name} due to missing feature: ${requiredFeature}`);\n            this.skip();\n            return;\n          }\n\n          console.log(`Running test: ${testName} for implementation: ${i.name}`);\n          await generateTestResults(i.name, testConfig);\n          this.test.cell = {columnId: i.name, rowId: testName};\n          const result = await checkTestResults(i.name, testConfig);\n          console.log(`Test result for ${i.name} - ${testName}: ${result}`);\n          should.equal(result, testConfig.expected_result);\n\n          // Log the test result in a format that matches the report generator's expectations\n          console.log(`Reporter data: ${this.test.cell.columnId},${this.test.cell.rowId},${result}`);\n        }",
              "async": 0,
              "sync": true,
              "_timeout": 150000,
              "_slow": 75,
              "_retries": -1,
              "timedOut": false,
              "_currentRetry": 0,
              "pending": false,
              "file": "/home/runner/work/vc-test-suite-template/vc-test-suite-template/tests/test-runner.js",
              "parent": "KxuOc9-0qGTbqjBC01t47",
              "ctx": null,
              "_testId": "urn:uuid:19ab8b9e-0344-4ab6-bac8-0aa3eedf145a",
              "_events": {},
              "_eventsCount": 1,
              "timer": {
                "_idleTimeout": -1,
                "_idlePrev": null,
                "_idleNext": null,
                "_idleStart": 790,
                "_onTimeout": null,
                "_repeat": null,
                "_destroyed": true
              },
              "cell": {
                "columnId": "example-sdk",
                "rowId": "Requirement 2: The credential must have the correct type (Invalid)"
              },
              "duration": 186,
              "state": "failed",
              "err": {
                "name": "AssertionError",
                "message": "expected 'error' to equal 'failure'",
                "showDiff": true,
                "actual": "error",
                "expected": "failure",
                "operator": "strictEqual",
                "stack": "AssertionError: expected 'error' to equal 'failure'\n    at should.equal (node_modules/chai/lib/chai/interface/should.js:98:35)\n    at Context.<anonymous> (file:///home/runner/work/vc-test-suite-template/vc-test-suite-template/tests/test-runner.js:41:18)"
              }
            },
            {
              "type": "test",
              "title": "Requirement 3: The credential must have a valid issuance date (Valid)",
              "body": "async function() {\n          if (!features[requiredFeature]) {\n            console.log(`Skipping test \"${testName}\" for ${i.name} due to missing feature: ${requiredFeature}`);\n            this.skip();\n            return;\n          }\n\n          console.log(`Running test: ${testName} for implementation: ${i.name}`);\n          await generateTestResults(i.name, testConfig);\n          this.test.cell = {columnId: i.name, rowId: testName};\n          const result = await checkTestResults(i.name, testConfig);\n          console.log(`Test result for ${i.name} - ${testName}: ${result}`);\n          should.equal(result, testConfig.expected_result);\n\n          // Log the test result in a format that matches the report generator's expectations\n          console.log(`Reporter data: ${this.test.cell.columnId},${this.test.cell.rowId},${result}`);\n        }",
              "async": 0,
              "sync": true,
              "_timeout": 150000,
              "_slow": 75,
              "_retries": -1,
              "timedOut": false,
              "_currentRetry": 0,
              "pending": false,
              "file": "/home/runner/work/vc-test-suite-template/vc-test-suite-template/tests/test-runner.js",
              "parent": "KxuOc9-0qGTbqjBC01t47",
              "ctx": null,
              "_testId": "urn:uuid:3f2a1ef8-867c-4372-812b-1bb5868e0f0a",
              "_events": {},
              "_eventsCount": 1,
              "timer": {
                "_idleTimeout": -1,
                "_idlePrev": null,
                "_idleNext": null,
                "_idleStart": 974,
                "_onTimeout": null,
                "_repeat": null,
                "_destroyed": true
              },
              "cell": {
                "columnId": "example-sdk",
                "rowId": "Requirement 3: The credential must have a valid issuance date (Valid)"
              },
              "duration": 184,
              "state": "failed",
              "err": {
                "name": "AssertionError",
                "message": "expected 'error' to equal 'success'",
                "showDiff": true,
                "actual": "error",
                "expected": "success",
                "operator": "strictEqual",
                "stack": "AssertionError: expected 'error' to equal 'success'\n    at should.equal (node_modules/chai/lib/chai/interface/should.js:98:35)\n    at Context.<anonymous> (file:///home/runner/work/vc-test-suite-template/vc-test-suite-template/tests/test-runner.js:41:18)"
              }
            },
            {
              "type": "test",
              "title": "Requirement 3: The credential must have a valid issuance date (Invalid)",
              "body": "async function() {\n          if (!features[requiredFeature]) {\n            console.log(`Skipping test \"${testName}\" for ${i.name} due to missing feature: ${requiredFeature}`);\n            this.skip();\n            return;\n          }\n\n          console.log(`Running test: ${testName} for implementation: ${i.name}`);\n          await generateTestResults(i.name, testConfig);\n          this.test.cell = {columnId: i.name, rowId: testName};\n          const result = await checkTestResults(i.name, testConfig);\n          console.log(`Test result for ${i.name} - ${testName}: ${result}`);\n          should.equal(result, testConfig.expected_result);\n\n          // Log the test result in a format that matches the report generator's expectations\n          console.log(`Reporter data: ${this.test.cell.columnId},${this.test.cell.rowId},${result}`);\n        }",
              "async": 0,
              "sync": true,
              "_timeout": 150000,
              "_slow": 75,
              "_retries": -1,
              "timedOut": false,
              "_currentRetry": 0,
              "pending": false,
              "file": "/home/runner/work/vc-test-suite-template/vc-test-suite-template/tests/test-runner.js",
              "parent": "KxuOc9-0qGTbqjBC01t47",
              "ctx": null,
              "_testId": "urn:uuid:cb593588-3bd7-4e0f-afed-8ae5a4aec409",
              "_events": {},
              "_eventsCount": 1,
              "timer": {
                "_idleTimeout": -1,
                "_idlePrev": null,
                "_idleNext": null,
                "_idleStart": 1159,
                "_onTimeout": null,
                "_repeat": null,
                "_destroyed": true
              },
              "cell": {
                "columnId": "example-sdk",
                "rowId": "Requirement 3: The credential must have a valid issuance date (Invalid)"
              },
              "duration": 185,
              "state": "failed",
              "err": {
                "name": "AssertionError",
                "message": "expected 'error' to equal 'failure'",
                "showDiff": true,
                "actual": "error",
                "expected": "failure",
                "operator": "strictEqual",
                "stack": "AssertionError: expected 'error' to equal 'failure'\n    at should.equal (node_modules/chai/lib/chai/interface/should.js:98:35)\n    at Context.<anonymous> (file:///home/runner/work/vc-test-suite-template/vc-test-suite-template/tests/test-runner.js:41:18)"
              }
            }
          ],
          "root": false,
          "pending": false,
          "_retries": -1,
          "_beforeEach": [],
          "_beforeAll": [],
          "_afterEach": [],
          "_afterAll": [],
          "_timeout": 150000,
          "_slow": 75,
          "_bail": false,
          "_onlyTests": [],
          "_onlySuites": [],
          "delayed": false,
          "parent": "y1lrGjogEJ803UMXB0JnA",
          "file": "/home/runner/work/vc-test-suite-template/vc-test-suite-template/tests/test-runner.js",
          "_testId": "urn:uuid:b0d8913b-d252-40a7-9b8d-a2279274f1eb"
        },
        {
          "title": "example-server",
          "ctx": null,
          "suites": [],
          "tests": [
            {
              "type": "test",
              "title": "Requirement 1: The credential must have a valid identifier (Valid)",
              "body": "async function() {\n          if (!features[requiredFeature]) {\n            console.log(`Skipping test \"${testName}\" for ${i.name} due to missing feature: ${requiredFeature}`);\n            this.skip();\n            return;\n          }\n\n          console.log(`Running test: ${testName} for implementation: ${i.name}`);\n          await generateTestResults(i.name, testConfig);\n          this.test.cell = {columnId: i.name, rowId: testName};\n          const result = await checkTestResults(i.name, testConfig);\n          console.log(`Test result for ${i.name} - ${testName}: ${result}`);\n          should.equal(result, testConfig.expected_result);\n\n          // Log the test result in a format that matches the report generator's expectations\n          console.log(`Reporter data: ${this.test.cell.columnId},${this.test.cell.rowId},${result}`);\n        }",
              "async": 0,
              "sync": true,
              "_timeout": 150000,
              "_slow": 75,
              "_retries": -1,
              "timedOut": false,
              "_currentRetry": 0,
              "pending": false,
              "file": "/home/runner/work/vc-test-suite-template/vc-test-suite-template/tests/test-runner.js",
              "parent": "LQpRTDXa14TOqILGjLXTN",
              "ctx": null,
              "_testId": "urn:uuid:3f8dfd5b-a4f6-4e99-bd0e-533fbcc8b469",
              "_events": {},
              "_eventsCount": 1,
              "timer": {
                "_idleTimeout": -1,
                "_idlePrev": null,
                "_idleNext": null,
                "_idleStart": 1345,
                "_onTimeout": null,
                "_repeat": null,
                "_destroyed": true
              },
              "cell": {
                "columnId": "example-server",
                "rowId": "Requirement 1: The credential must have a valid identifier (Valid)"
              },
              "duration": 185,
              "state": "failed",
              "err": {
                "name": "AssertionError",
                "message": "expected 'error' to equal 'success'",
                "showDiff": true,
                "actual": "error",
                "expected": "success",
                "operator": "strictEqual",
                "stack": "AssertionError: expected 'error' to equal 'success'\n    at should.equal (node_modules/chai/lib/chai/interface/should.js:98:35)\n    at Context.<anonymous> (file:///home/runner/work/vc-test-suite-template/vc-test-suite-template/tests/test-runner.js:41:18)"
              }
            },
            {
              "type": "test",
              "title": "Requirement 1: The credential must have a valid identifier (Invalid)",
              "body": "async function() {\n          if (!features[requiredFeature]) {\n            console.log(`Skipping test \"${testName}\" for ${i.name} due to missing feature: ${requiredFeature}`);\n            this.skip();\n            return;\n          }\n\n          console.log(`Running test: ${testName} for implementation: ${i.name}`);\n          await generateTestResults(i.name, testConfig);\n          this.test.cell = {columnId: i.name, rowId: testName};\n          const result = await checkTestResults(i.name, testConfig);\n          console.log(`Test result for ${i.name} - ${testName}: ${result}`);\n          should.equal(result, testConfig.expected_result);\n\n          // Log the test result in a format that matches the report generator's expectations\n          console.log(`Reporter data: ${this.test.cell.columnId},${this.test.cell.rowId},${result}`);\n        }",
              "async": 0,
              "sync": true,
              "_timeout": 150000,
              "_slow": 75,
              "_retries": -1,
              "timedOut": false,
              "_currentRetry": 0,
              "pending": false,
              "file": "/home/runner/work/vc-test-suite-template/vc-test-suite-template/tests/test-runner.js",
              "parent": "LQpRTDXa14TOqILGjLXTN",
              "ctx": null,
              "_testId": "urn:uuid:04ae70b3-bd2e-49c9-90e9-1ea1b5ec1976",
              "_events": {},
              "_eventsCount": 1,
              "timer": {
                "_idleTimeout": -1,
                "_idlePrev": null,
                "_idleNext": null,
                "_idleStart": 1530,
                "_onTimeout": null,
                "_repeat": null,
                "_destroyed": true
              },
              "cell": {
                "columnId": "example-server",
                "rowId": "Requirement 1: The credential must have a valid identifier (Invalid)"
              },
              "duration": 185,
              "state": "failed",
              "err": {
                "name": "AssertionError",
                "message": "expected 'error' to equal 'failure'",
                "showDiff": true,
                "actual": "error",
                "expected": "failure",
                "operator": "strictEqual",
                "stack": "AssertionError: expected 'error' to equal 'failure'\n    at should.equal (node_modules/chai/lib/chai/interface/should.js:98:35)\n    at Context.<anonymous> (file:///home/runner/work/vc-test-suite-template/vc-test-suite-template/tests/test-runner.js:41:18)"
              }
            },
            {
              "type": "test",
              "title": "Requirement 2: The credential must have the correct type (Valid)",
              "body": "async function() {\n          if (!features[requiredFeature]) {\n            console.log(`Skipping test \"${testName}\" for ${i.name} due to missing feature: ${requiredFeature}`);\n            this.skip();\n            return;\n          }\n\n          console.log(`Running test: ${testName} for implementation: ${i.name}`);\n          await generateTestResults(i.name, testConfig);\n          this.test.cell = {columnId: i.name, rowId: testName};\n          const result = await checkTestResults(i.name, testConfig);\n          console.log(`Test result for ${i.name} - ${testName}: ${result}`);\n          should.equal(result, testConfig.expected_result);\n\n          // Log the test result in a format that matches the report generator's expectations\n          console.log(`Reporter data: ${this.test.cell.columnId},${this.test.cell.rowId},${result}`);\n        }",
              "async": 0,
              "sync": true,
              "_timeout": 150000,
              "_slow": 75,
              "_retries": -1,
              "timedOut": false,
              "_currentRetry": 0,
              "pending": true,
              "file": "/home/runner/work/vc-test-suite-template/vc-test-suite-template/tests/test-runner.js",
              "parent": "LQpRTDXa14TOqILGjLXTN",
              "ctx": null,
              "_testId": "urn:uuid:fb06c9a0-e156-41bb-8c64-c479e4bc8256",
              "_events": {},
              "_eventsCount": 1,
              "timer": {
                "_idleTimeout": -1,
                "_idlePrev": null,
                "_idleNext": null,
                "_idleStart": 1681,
                "_onTimeout": null,
                "_repeat": null,
                "_destroyed": true
              },
              "duration": 1,
              "state": "pending"
            },
            {
              "type": "test",
              "title": "Requirement 2: The credential must have the correct type (Invalid)",
              "body": "async function() {\n          if (!features[requiredFeature]) {\n            console.log(`Skipping test \"${testName}\" for ${i.name} due to missing feature: ${requiredFeature}`);\n            this.skip();\n            return;\n          }\n\n          console.log(`Running test: ${testName} for implementation: ${i.name}`);\n          await generateTestResults(i.name, testConfig);\n          this.test.cell = {columnId: i.name, rowId: testName};\n          const result = await checkTestResults(i.name, testConfig);\n          console.log(`Test result for ${i.name} - ${testName}: ${result}`);\n          should.equal(result, testConfig.expected_result);\n\n          // Log the test result in a format that matches the report generator's expectations\n          console.log(`Reporter data: ${this.test.cell.columnId},${this.test.cell.rowId},${result}`);\n        }",
              "async": 0,
              "sync": true,
              "_timeout": 150000,
              "_slow": 75,
              "_retries": -1,
              "timedOut": false,
              "_currentRetry": 0,
              "pending": true,
              "file": "/home/runner/work/vc-test-suite-template/vc-test-suite-template/tests/test-runner.js",
              "parent": "LQpRTDXa14TOqILGjLXTN",
              "ctx": null,
              "_testId": "urn:uuid:ae14d31d-4033-4478-9f1f-28ef82e69bd9",
              "_events": {},
              "_eventsCount": 1,
              "timer": {
                "_idleTimeout": -1,
                "_idlePrev": null,
                "_idleNext": null,
                "_idleStart": 1682,
                "_onTimeout": null,
                "_repeat": null,
                "_destroyed": true
              },
              "duration": 0,
              "state": "pending"
            },
            {
              "type": "test",
              "title": "Requirement 3: The credential must have a valid issuance date (Valid)",
              "body": "async function() {\n          if (!features[requiredFeature]) {\n            console.log(`Skipping test \"${testName}\" for ${i.name} due to missing feature: ${requiredFeature}`);\n            this.skip();\n            return;\n          }\n\n          console.log(`Running test: ${testName} for implementation: ${i.name}`);\n          await generateTestResults(i.name, testConfig);\n          this.test.cell = {columnId: i.name, rowId: testName};\n          const result = await checkTestResults(i.name, testConfig);\n          console.log(`Test result for ${i.name} - ${testName}: ${result}`);\n          should.equal(result, testConfig.expected_result);\n\n          // Log the test result in a format that matches the report generator's expectations\n          console.log(`Reporter data: ${this.test.cell.columnId},${this.test.cell.rowId},${result}`);\n        }",
              "async": 0,
              "sync": true,
              "_timeout": 150000,
              "_slow": 75,
              "_retries": -1,
              "timedOut": false,
              "_currentRetry": 0,
              "pending": false,
              "file": "/home/runner/work/vc-test-suite-template/vc-test-suite-template/tests/test-runner.js",
              "parent": "LQpRTDXa14TOqILGjLXTN",
              "ctx": null,
              "_testId": "urn:uuid:3fcb8448-c50a-4eec-a5eb-033c2d6595bf",
              "_events": {},
              "_eventsCount": 1,
              "timer": {
                "_idleTimeout": -1,
                "_idlePrev": null,
                "_idleNext": null,
                "_idleStart": 1715,
                "_onTimeout": null,
                "_repeat": null,
                "_destroyed": true
              },
              "cell": {
                "columnId": "example-server",
                "rowId": "Requirement 3: The credential must have a valid issuance date (Valid)"
              },
              "duration": 184,
              "state": "failed",
              "err": {
                "name": "AssertionError",
                "message": "expected 'error' to equal 'success'",
                "showDiff": true,
                "actual": "error",
                "expected": "success",
                "operator": "strictEqual",
                "stack": "AssertionError: expected 'error' to equal 'success'\n    at should.equal (node_modules/chai/lib/chai/interface/should.js:98:35)\n    at Context.<anonymous> (file:///home/runner/work/vc-test-suite-template/vc-test-suite-template/tests/test-runner.js:41:18)"
              }
            },
            {
              "type": "test",
              "title": "Requirement 3: The credential must have a valid issuance date (Invalid)",
              "body": "async function() {\n          if (!features[requiredFeature]) {\n            console.log(`Skipping test \"${testName}\" for ${i.name} due to missing feature: ${requiredFeature}`);\n            this.skip();\n            return;\n          }\n\n          console.log(`Running test: ${testName} for implementation: ${i.name}`);\n          await generateTestResults(i.name, testConfig);\n          this.test.cell = {columnId: i.name, rowId: testName};\n          const result = await checkTestResults(i.name, testConfig);\n          console.log(`Test result for ${i.name} - ${testName}: ${result}`);\n          should.equal(result, testConfig.expected_result);\n\n          // Log the test result in a format that matches the report generator's expectations\n          console.log(`Reporter data: ${this.test.cell.columnId},${this.test.cell.rowId},${result}`);\n        }",
              "async": 0,
              "sync": true,
              "_timeout": 150000,
              "_slow": 75,
              "_retries": -1,
              "timedOut": false,
              "_currentRetry": 0,
              "pending": false,
              "file": "/home/runner/work/vc-test-suite-template/vc-test-suite-template/tests/test-runner.js",
              "parent": "LQpRTDXa14TOqILGjLXTN",
              "ctx": null,
              "_testId": "urn:uuid:19541006-f436-4495-ab13-f9caea78433c",
              "_events": {},
              "_eventsCount": 1,
              "timer": {
                "_idleTimeout": -1,
                "_idlePrev": null,
                "_idleNext": null,
                "_idleStart": 1900,
                "_onTimeout": null,
                "_repeat": null,
                "_destroyed": true
              },
              "cell": {
                "columnId": "example-server",
                "rowId": "Requirement 3: The credential must have a valid issuance date (Invalid)"
              },
              "duration": 185,
              "state": "failed",
              "err": {
                "name": "AssertionError",
                "message": "expected 'error' to equal 'failure'",
                "showDiff": true,
                "actual": "error",
                "expected": "failure",
                "operator": "strictEqual",
                "stack": "AssertionError: expected 'error' to equal 'failure'\n    at should.equal (node_modules/chai/lib/chai/interface/should.js:98:35)\n    at Context.<anonymous> (file:///home/runner/work/vc-test-suite-template/vc-test-suite-template/tests/test-runner.js:41:18)"
              }
            }
          ],
          "root": false,
          "pending": false,
          "_retries": -1,
          "_beforeEach": [],
          "_beforeAll": [],
          "_afterEach": [],
          "_afterAll": [],
          "_timeout": 150000,
          "_slow": 75,
          "_bail": false,
          "_onlyTests": [],
          "_onlySuites": [],
          "delayed": false,
          "parent": "y1lrGjogEJ803UMXB0JnA",
          "file": "/home/runner/work/vc-test-suite-template/vc-test-suite-template/tests/test-runner.js",
          "_testId": "urn:uuid:41039ba9-81e6-4062-a900-6728c3ab76e5"
        }
      ],
      "tests": [
        {
          "type": "test",
          "title": "Requirement 1: The credential must have a valid identifier (Valid)",
          "body": "async function() {\n          if (!features[requiredFeature]) {\n            console.log(`Skipping test \"${testName}\" for ${i.name} due to missing feature: ${requiredFeature}`);\n            this.skip();\n            return;\n          }\n\n          console.log(`Running test: ${testName} for implementation: ${i.name}`);\n          await generateTestResults(i.name, testConfig);\n          this.test.cell = {columnId: i.name, rowId: testName};\n          const result = await checkTestResults(i.name, testConfig);\n          console.log(`Test result for ${i.name} - ${testName}: ${result}`);\n          should.equal(result, testConfig.expected_result);\n\n          // Log the test result in a format that matches the report generator's expectations\n          console.log(`Reporter data: ${this.test.cell.columnId},${this.test.cell.rowId},${result}`);\n        }",
          "async": 0,
          "sync": true,
          "_timeout": 150000,
          "_slow": 75,
          "_retries": -1,
          "timedOut": false,
          "_currentRetry": 0,
          "pending": false,
          "file": "/home/runner/work/vc-test-suite-template/vc-test-suite-template/tests/test-runner.js",
          "parent": "KxuOc9-0qGTbqjBC01t47",
          "ctx": null,
          "_testId": "urn:uuid:0d129684-5526-46d6-bbf7-ecbd4a11d95e",
          "_events": {},
          "_eventsCount": 1,
          "timer": {
            "_idleTimeout": -1,
            "_idlePrev": null,
            "_idleNext": null,
            "_idleStart": 228,
            "_onTimeout": null,
            "_repeat": null,
            "_destroyed": true
          },
          "cell": {
            "columnId": "example-sdk",
            "rowId": "Requirement 1: The credential must have a valid identifier (Valid)"
          },
          "duration": 190,
          "state": "failed",
          "err": {
            "name": "AssertionError",
            "message": "expected 'error' to equal 'success'",
            "showDiff": true,
            "actual": "error",
            "expected": "success",
            "operator": "strictEqual",
            "stack": "AssertionError: expected 'error' to equal 'success'\n    at should.equal (node_modules/chai/lib/chai/interface/should.js:98:35)\n    at Context.<anonymous> (file:///home/runner/work/vc-test-suite-template/vc-test-suite-template/tests/test-runner.js:41:18)"
          }
        },
        {
          "type": "test",
          "title": "Requirement 1: The credential must have a valid identifier (Invalid)",
          "body": "async function() {\n          if (!features[requiredFeature]) {\n            console.log(`Skipping test \"${testName}\" for ${i.name} due to missing feature: ${requiredFeature}`);\n            this.skip();\n            return;\n          }\n\n          console.log(`Running test: ${testName} for implementation: ${i.name}`);\n          await generateTestResults(i.name, testConfig);\n          this.test.cell = {columnId: i.name, rowId: testName};\n          const result = await checkTestResults(i.name, testConfig);\n          console.log(`Test result for ${i.name} - ${testName}: ${result}`);\n          should.equal(result, testConfig.expected_result);\n\n          // Log the test result in a format that matches the report generator's expectations\n          console.log(`Reporter data: ${this.test.cell.columnId},${this.test.cell.rowId},${result}`);\n        }",
          "async": 0,
          "sync": true,
          "_timeout": 150000,
          "_slow": 75,
          "_retries": -1,
          "timedOut": false,
          "_currentRetry": 0,
          "pending": false,
          "file": "/home/runner/work/vc-test-suite-template/vc-test-suite-template/tests/test-runner.js",
          "parent": "KxuOc9-0qGTbqjBC01t47",
          "ctx": null,
          "_testId": "urn:uuid:f2e9c6c1-f321-4da1-b965-8ac7a1a60275",
          "_events": {},
          "_eventsCount": 1,
          "timer": {
            "_idleTimeout": -1,
            "_idlePrev": null,
            "_idleNext": null,
            "_idleStart": 417,
            "_onTimeout": null,
            "_repeat": null,
            "_destroyed": true
          },
          "cell": {
            "columnId": "example-sdk",
            "rowId": "Requirement 1: The credential must have a valid identifier (Invalid)"
          },
          "duration": 186,
          "state": "failed",
          "err": {
            "name": "AssertionError",
            "message": "expected 'error' to equal 'failure'",
            "showDiff": true,
            "actual": "error",
            "expected": "failure",
            "operator": "strictEqual",
            "stack": "AssertionError: expected 'error' to equal 'failure'\n    at should.equal (node_modules/chai/lib/chai/interface/should.js:98:35)\n    at Context.<anonymous> (file:///home/runner/work/vc-test-suite-template/vc-test-suite-template/tests/test-runner.js:41:18)"
          }
        },
        {
          "type": "test",
          "title": "Requirement 2: The credential must have the correct type (Valid)",
          "body": "async function() {\n          if (!features[requiredFeature]) {\n            console.log(`Skipping test \"${testName}\" for ${i.name} due to missing feature: ${requiredFeature}`);\n            this.skip();\n            return;\n          }\n\n          console.log(`Running test: ${testName} for implementation: ${i.name}`);\n          await generateTestResults(i.name, testConfig);\n          this.test.cell = {columnId: i.name, rowId: testName};\n          const result = await checkTestResults(i.name, testConfig);\n          console.log(`Test result for ${i.name} - ${testName}: ${result}`);\n          should.equal(result, testConfig.expected_result);\n\n          // Log the test result in a format that matches the report generator's expectations\n          console.log(`Reporter data: ${this.test.cell.columnId},${this.test.cell.rowId},${result}`);\n        }",
          "async": 0,
          "sync": true,
          "_timeout": 150000,
          "_slow": 75,
          "_retries": -1,
          "timedOut": false,
          "_currentRetry": 0,
          "pending": false,
          "file": "/home/runner/work/vc-test-suite-template/vc-test-suite-template/tests/test-runner.js",
          "parent": "KxuOc9-0qGTbqjBC01t47",
          "ctx": null,
          "_testId": "urn:uuid:0440429b-563e-4803-9c1e-82a01ac0d4f9",
          "_events": {},
          "_eventsCount": 1,
          "timer": {
            "_idleTimeout": -1,
            "_idlePrev": null,
            "_idleNext": null,
            "_idleStart": 604,
            "_onTimeout": null,
            "_repeat": null,
            "_destroyed": true
          },
          "cell": {
            "columnId": "example-sdk",
            "rowId": "Requirement 2: The credential must have the correct type (Valid)"
          },
          "duration": 186,
          "state": "failed",
          "err": {
            "name": "AssertionError",
            "message": "expected 'error' to equal 'success'",
            "showDiff": true,
            "actual": "error",
            "expected": "success",
            "operator": "strictEqual",
            "stack": "AssertionError: expected 'error' to equal 'success'\n    at should.equal (node_modules/chai/lib/chai/interface/should.js:98:35)\n    at Context.<anonymous> (file:///home/runner/work/vc-test-suite-template/vc-test-suite-template/tests/test-runner.js:41:18)"
          }
        },
        {
          "type": "test",
          "title": "Requirement 2: The credential must have the correct type (Invalid)",
          "body": "async function() {\n          if (!features[requiredFeature]) {\n            console.log(`Skipping test \"${testName}\" for ${i.name} due to missing feature: ${requiredFeature}`);\n            this.skip();\n            return;\n          }\n\n          console.log(`Running test: ${testName} for implementation: ${i.name}`);\n          await generateTestResults(i.name, testConfig);\n          this.test.cell = {columnId: i.name, rowId: testName};\n          const result = await checkTestResults(i.name, testConfig);\n          console.log(`Test result for ${i.name} - ${testName}: ${result}`);\n          should.equal(result, testConfig.expected_result);\n\n          // Log the test result in a format that matches the report generator's expectations\n          console.log(`Reporter data: ${this.test.cell.columnId},${this.test.cell.rowId},${result}`);\n        }",
          "async": 0,
          "sync": true,
          "_timeout": 150000,
          "_slow": 75,
          "_retries": -1,
          "timedOut": false,
          "_currentRetry": 0,
          "pending": false,
          "file": "/home/runner/work/vc-test-suite-template/vc-test-suite-template/tests/test-runner.js",
          "parent": "KxuOc9-0qGTbqjBC01t47",
          "ctx": null,
          "_testId": "urn:uuid:19ab8b9e-0344-4ab6-bac8-0aa3eedf145a",
          "_events": {},
          "_eventsCount": 1,
          "timer": {
            "_idleTimeout": -1,
            "_idlePrev": null,
            "_idleNext": null,
            "_idleStart": 790,
            "_onTimeout": null,
            "_repeat": null,
            "_destroyed": true
          },
          "cell": {
            "columnId": "example-sdk",
            "rowId": "Requirement 2: The credential must have the correct type (Invalid)"
          },
          "duration": 186,
          "state": "failed",
          "err": {
            "name": "AssertionError",
            "message": "expected 'error' to equal 'failure'",
            "showDiff": true,
            "actual": "error",
            "expected": "failure",
            "operator": "strictEqual",
            "stack": "AssertionError: expected 'error' to equal 'failure'\n    at should.equal (node_modules/chai/lib/chai/interface/should.js:98:35)\n    at Context.<anonymous> (file:///home/runner/work/vc-test-suite-template/vc-test-suite-template/tests/test-runner.js:41:18)"
          }
        },
        {
          "type": "test",
          "title": "Requirement 3: The credential must have a valid issuance date (Valid)",
          "body": "async function() {\n          if (!features[requiredFeature]) {\n            console.log(`Skipping test \"${testName}\" for ${i.name} due to missing feature: ${requiredFeature}`);\n            this.skip();\n            return;\n          }\n\n          console.log(`Running test: ${testName} for implementation: ${i.name}`);\n          await generateTestResults(i.name, testConfig);\n          this.test.cell = {columnId: i.name, rowId: testName};\n          const result = await checkTestResults(i.name, testConfig);\n          console.log(`Test result for ${i.name} - ${testName}: ${result}`);\n          should.equal(result, testConfig.expected_result);\n\n          // Log the test result in a format that matches the report generator's expectations\n          console.log(`Reporter data: ${this.test.cell.columnId},${this.test.cell.rowId},${result}`);\n        }",
          "async": 0,
          "sync": true,
          "_timeout": 150000,
          "_slow": 75,
          "_retries": -1,
          "timedOut": false,
          "_currentRetry": 0,
          "pending": false,
          "file": "/home/runner/work/vc-test-suite-template/vc-test-suite-template/tests/test-runner.js",
          "parent": "KxuOc9-0qGTbqjBC01t47",
          "ctx": null,
          "_testId": "urn:uuid:3f2a1ef8-867c-4372-812b-1bb5868e0f0a",
          "_events": {},
          "_eventsCount": 1,
          "timer": {
            "_idleTimeout": -1,
            "_idlePrev": null,
            "_idleNext": null,
            "_idleStart": 974,
            "_onTimeout": null,
            "_repeat": null,
            "_destroyed": true
          },
          "cell": {
            "columnId": "example-sdk",
            "rowId": "Requirement 3: The credential must have a valid issuance date (Valid)"
          },
          "duration": 184,
          "state": "failed",
          "err": {
            "name": "AssertionError",
            "message": "expected 'error' to equal 'success'",
            "showDiff": true,
            "actual": "error",
            "expected": "success",
            "operator": "strictEqual",
            "stack": "AssertionError: expected 'error' to equal 'success'\n    at should.equal (node_modules/chai/lib/chai/interface/should.js:98:35)\n    at Context.<anonymous> (file:///home/runner/work/vc-test-suite-template/vc-test-suite-template/tests/test-runner.js:41:18)"
          }
        },
        {
          "type": "test",
          "title": "Requirement 3: The credential must have a valid issuance date (Invalid)",
          "body": "async function() {\n          if (!features[requiredFeature]) {\n            console.log(`Skipping test \"${testName}\" for ${i.name} due to missing feature: ${requiredFeature}`);\n            this.skip();\n            return;\n          }\n\n          console.log(`Running test: ${testName} for implementation: ${i.name}`);\n          await generateTestResults(i.name, testConfig);\n          this.test.cell = {columnId: i.name, rowId: testName};\n          const result = await checkTestResults(i.name, testConfig);\n          console.log(`Test result for ${i.name} - ${testName}: ${result}`);\n          should.equal(result, testConfig.expected_result);\n\n          // Log the test result in a format that matches the report generator's expectations\n          console.log(`Reporter data: ${this.test.cell.columnId},${this.test.cell.rowId},${result}`);\n        }",
          "async": 0,
          "sync": true,
          "_timeout": 150000,
          "_slow": 75,
          "_retries": -1,
          "timedOut": false,
          "_currentRetry": 0,
          "pending": false,
          "file": "/home/runner/work/vc-test-suite-template/vc-test-suite-template/tests/test-runner.js",
          "parent": "KxuOc9-0qGTbqjBC01t47",
          "ctx": null,
          "_testId": "urn:uuid:cb593588-3bd7-4e0f-afed-8ae5a4aec409",
          "_events": {},
          "_eventsCount": 1,
          "timer": {
            "_idleTimeout": -1,
            "_idlePrev": null,
            "_idleNext": null,
            "_idleStart": 1159,
            "_onTimeout": null,
            "_repeat": null,
            "_destroyed": true
          },
          "cell": {
            "columnId": "example-sdk",
            "rowId": "Requirement 3: The credential must have a valid issuance date (Invalid)"
          },
          "duration": 185,
          "state": "failed",
          "err": {
            "name": "AssertionError",
            "message": "expected 'error' to equal 'failure'",
            "showDiff": true,
            "actual": "error",
            "expected": "failure",
            "operator": "strictEqual",
            "stack": "AssertionError: expected 'error' to equal 'failure'\n    at should.equal (node_modules/chai/lib/chai/interface/should.js:98:35)\n    at Context.<anonymous> (file:///home/runner/work/vc-test-suite-template/vc-test-suite-template/tests/test-runner.js:41:18)"
          }
        },
        {
          "type": "test",
          "title": "Requirement 1: The credential must have a valid identifier (Valid)",
          "body": "async function() {\n          if (!features[requiredFeature]) {\n            console.log(`Skipping test \"${testName}\" for ${i.name} due to missing feature: ${requiredFeature}`);\n            this.skip();\n            return;\n          }\n\n          console.log(`Running test: ${testName} for implementation: ${i.name}`);\n          await generateTestResults(i.name, testConfig);\n          this.test.cell = {columnId: i.name, rowId: testName};\n          const result = await checkTestResults(i.name, testConfig);\n          console.log(`Test result for ${i.name} - ${testName}: ${result}`);\n          should.equal(result, testConfig.expected_result);\n\n          // Log the test result in a format that matches the report generator's expectations\n          console.log(`Reporter data: ${this.test.cell.columnId},${this.test.cell.rowId},${result}`);\n        }",
          "async": 0,
          "sync": true,
          "_timeout": 150000,
          "_slow": 75,
          "_retries": -1,
          "timedOut": false,
          "_currentRetry": 0,
          "pending": false,
          "file": "/home/runner/work/vc-test-suite-template/vc-test-suite-template/tests/test-runner.js",
          "parent": "LQpRTDXa14TOqILGjLXTN",
          "ctx": null,
          "_testId": "urn:uuid:3f8dfd5b-a4f6-4e99-bd0e-533fbcc8b469",
          "_events": {},
          "_eventsCount": 1,
          "timer": {
            "_idleTimeout": -1,
            "_idlePrev": null,
            "_idleNext": null,
            "_idleStart": 1345,
            "_onTimeout": null,
            "_repeat": null,
            "_destroyed": true
          },
          "cell": {
            "columnId": "example-server",
            "rowId": "Requirement 1: The credential must have a valid identifier (Valid)"
          },
          "duration": 185,
          "state": "failed",
          "err": {
            "name": "AssertionError",
            "message": "expected 'error' to equal 'success'",
            "showDiff": true,
            "actual": "error",
            "expected": "success",
            "operator": "strictEqual",
            "stack": "AssertionError: expected 'error' to equal 'success'\n    at should.equal (node_modules/chai/lib/chai/interface/should.js:98:35)\n    at Context.<anonymous> (file:///home/runner/work/vc-test-suite-template/vc-test-suite-template/tests/test-runner.js:41:18)"
          }
        },
        {
          "type": "test",
          "title": "Requirement 1: The credential must have a valid identifier (Invalid)",
          "body": "async function() {\n          if (!features[requiredFeature]) {\n            console.log(`Skipping test \"${testName}\" for ${i.name} due to missing feature: ${requiredFeature}`);\n            this.skip();\n            return;\n          }\n\n          console.log(`Running test: ${testName} for implementation: ${i.name}`);\n          await generateTestResults(i.name, testConfig);\n          this.test.cell = {columnId: i.name, rowId: testName};\n          const result = await checkTestResults(i.name, testConfig);\n          console.log(`Test result for ${i.name} - ${testName}: ${result}`);\n          should.equal(result, testConfig.expected_result);\n\n          // Log the test result in a format that matches the report generator's expectations\n          console.log(`Reporter data: ${this.test.cell.columnId},${this.test.cell.rowId},${result}`);\n        }",
          "async": 0,
          "sync": true,
          "_timeout": 150000,
          "_slow": 75,
          "_retries": -1,
          "timedOut": false,
          "_currentRetry": 0,
          "pending": false,
          "file": "/home/runner/work/vc-test-suite-template/vc-test-suite-template/tests/test-runner.js",
          "parent": "LQpRTDXa14TOqILGjLXTN",
          "ctx": null,
          "_testId": "urn:uuid:04ae70b3-bd2e-49c9-90e9-1ea1b5ec1976",
          "_events": {},
          "_eventsCount": 1,
          "timer": {
            "_idleTimeout": -1,
            "_idlePrev": null,
            "_idleNext": null,
            "_idleStart": 1530,
            "_onTimeout": null,
            "_repeat": null,
            "_destroyed": true
          },
          "cell": {
            "columnId": "example-server",
            "rowId": "Requirement 1: The credential must have a valid identifier (Invalid)"
          },
          "duration": 185,
          "state": "failed",
          "err": {
            "name": "AssertionError",
            "message": "expected 'error' to equal 'failure'",
            "showDiff": true,
            "actual": "error",
            "expected": "failure",
            "operator": "strictEqual",
            "stack": "AssertionError: expected 'error' to equal 'failure'\n    at should.equal (node_modules/chai/lib/chai/interface/should.js:98:35)\n    at Context.<anonymous> (file:///home/runner/work/vc-test-suite-template/vc-test-suite-template/tests/test-runner.js:41:18)"
          }
        },
        {
          "type": "test",
          "title": "Requirement 2: The credential must have the correct type (Valid)",
          "body": "async function() {\n          if (!features[requiredFeature]) {\n            console.log(`Skipping test \"${testName}\" for ${i.name} due to missing feature: ${requiredFeature}`);\n            this.skip();\n            return;\n          }\n\n          console.log(`Running test: ${testName} for implementation: ${i.name}`);\n          await generateTestResults(i.name, testConfig);\n          this.test.cell = {columnId: i.name, rowId: testName};\n          const result = await checkTestResults(i.name, testConfig);\n          console.log(`Test result for ${i.name} - ${testName}: ${result}`);\n          should.equal(result, testConfig.expected_result);\n\n          // Log the test result in a format that matches the report generator's expectations\n          console.log(`Reporter data: ${this.test.cell.columnId},${this.test.cell.rowId},${result}`);\n        }",
          "async": 0,
          "sync": true,
          "_timeout": 150000,
          "_slow": 75,
          "_retries": -1,
          "timedOut": false,
          "_currentRetry": 0,
          "pending": true,
          "file": "/home/runner/work/vc-test-suite-template/vc-test-suite-template/tests/test-runner.js",
          "parent": "LQpRTDXa14TOqILGjLXTN",
          "ctx": null,
          "_testId": "urn:uuid:fb06c9a0-e156-41bb-8c64-c479e4bc8256",
          "_events": {},
          "_eventsCount": 1,
          "timer": {
            "_idleTimeout": -1,
            "_idlePrev": null,
            "_idleNext": null,
            "_idleStart": 1681,
            "_onTimeout": null,
            "_repeat": null,
            "_destroyed": true
          },
          "duration": 1,
          "state": "pending"
        },
        {
          "type": "test",
          "title": "Requirement 2: The credential must have the correct type (Invalid)",
          "body": "async function() {\n          if (!features[requiredFeature]) {\n            console.log(`Skipping test \"${testName}\" for ${i.name} due to missing feature: ${requiredFeature}`);\n            this.skip();\n            return;\n          }\n\n          console.log(`Running test: ${testName} for implementation: ${i.name}`);\n          await generateTestResults(i.name, testConfig);\n          this.test.cell = {columnId: i.name, rowId: testName};\n          const result = await checkTestResults(i.name, testConfig);\n          console.log(`Test result for ${i.name} - ${testName}: ${result}`);\n          should.equal(result, testConfig.expected_result);\n\n          // Log the test result in a format that matches the report generator's expectations\n          console.log(`Reporter data: ${this.test.cell.columnId},${this.test.cell.rowId},${result}`);\n        }",
          "async": 0,
          "sync": true,
          "_timeout": 150000,
          "_slow": 75,
          "_retries": -1,
          "timedOut": false,
          "_currentRetry": 0,
          "pending": true,
          "file": "/home/runner/work/vc-test-suite-template/vc-test-suite-template/tests/test-runner.js",
          "parent": "LQpRTDXa14TOqILGjLXTN",
          "ctx": null,
          "_testId": "urn:uuid:ae14d31d-4033-4478-9f1f-28ef82e69bd9",
          "_events": {},
          "_eventsCount": 1,
          "timer": {
            "_idleTimeout": -1,
            "_idlePrev": null,
            "_idleNext": null,
            "_idleStart": 1682,
            "_onTimeout": null,
            "_repeat": null,
            "_destroyed": true
          },
          "duration": 0,
          "state": "pending"
        },
        {
          "type": "test",
          "title": "Requirement 3: The credential must have a valid issuance date (Valid)",
          "body": "async function() {\n          if (!features[requiredFeature]) {\n            console.log(`Skipping test \"${testName}\" for ${i.name} due to missing feature: ${requiredFeature}`);\n            this.skip();\n            return;\n          }\n\n          console.log(`Running test: ${testName} for implementation: ${i.name}`);\n          await generateTestResults(i.name, testConfig);\n          this.test.cell = {columnId: i.name, rowId: testName};\n          const result = await checkTestResults(i.name, testConfig);\n          console.log(`Test result for ${i.name} - ${testName}: ${result}`);\n          should.equal(result, testConfig.expected_result);\n\n          // Log the test result in a format that matches the report generator's expectations\n          console.log(`Reporter data: ${this.test.cell.columnId},${this.test.cell.rowId},${result}`);\n        }",
          "async": 0,
          "sync": true,
          "_timeout": 150000,
          "_slow": 75,
          "_retries": -1,
          "timedOut": false,
          "_currentRetry": 0,
          "pending": false,
          "file": "/home/runner/work/vc-test-suite-template/vc-test-suite-template/tests/test-runner.js",
          "parent": "LQpRTDXa14TOqILGjLXTN",
          "ctx": null,
          "_testId": "urn:uuid:3fcb8448-c50a-4eec-a5eb-033c2d6595bf",
          "_events": {},
          "_eventsCount": 1,
          "timer": {
            "_idleTimeout": -1,
            "_idlePrev": null,
            "_idleNext": null,
            "_idleStart": 1715,
            "_onTimeout": null,
            "_repeat": null,
            "_destroyed": true
          },
          "cell": {
            "columnId": "example-server",
            "rowId": "Requirement 3: The credential must have a valid issuance date (Valid)"
          },
          "duration": 184,
          "state": "failed",
          "err": {
            "name": "AssertionError",
            "message": "expected 'error' to equal 'success'",
            "showDiff": true,
            "actual": "error",
            "expected": "success",
            "operator": "strictEqual",
            "stack": "AssertionError: expected 'error' to equal 'success'\n    at should.equal (node_modules/chai/lib/chai/interface/should.js:98:35)\n    at Context.<anonymous> (file:///home/runner/work/vc-test-suite-template/vc-test-suite-template/tests/test-runner.js:41:18)"
          }
        },
        {
          "type": "test",
          "title": "Requirement 3: The credential must have a valid issuance date (Invalid)",
          "body": "async function() {\n          if (!features[requiredFeature]) {\n            console.log(`Skipping test \"${testName}\" for ${i.name} due to missing feature: ${requiredFeature}`);\n            this.skip();\n            return;\n          }\n\n          console.log(`Running test: ${testName} for implementation: ${i.name}`);\n          await generateTestResults(i.name, testConfig);\n          this.test.cell = {columnId: i.name, rowId: testName};\n          const result = await checkTestResults(i.name, testConfig);\n          console.log(`Test result for ${i.name} - ${testName}: ${result}`);\n          should.equal(result, testConfig.expected_result);\n\n          // Log the test result in a format that matches the report generator's expectations\n          console.log(`Reporter data: ${this.test.cell.columnId},${this.test.cell.rowId},${result}`);\n        }",
          "async": 0,
          "sync": true,
          "_timeout": 150000,
          "_slow": 75,
          "_retries": -1,
          "timedOut": false,
          "_currentRetry": 0,
          "pending": false,
          "file": "/home/runner/work/vc-test-suite-template/vc-test-suite-template/tests/test-runner.js",
          "parent": "LQpRTDXa14TOqILGjLXTN",
          "ctx": null,
          "_testId": "urn:uuid:19541006-f436-4495-ab13-f9caea78433c",
          "_events": {},
          "_eventsCount": 1,
          "timer": {
            "_idleTimeout": -1,
            "_idlePrev": null,
            "_idleNext": null,
            "_idleStart": 1900,
            "_onTimeout": null,
            "_repeat": null,
            "_destroyed": true
          },
          "cell": {
            "columnId": "example-server",
            "rowId": "Requirement 3: The credential must have a valid issuance date (Invalid)"
          },
          "duration": 185,
          "state": "failed",
          "err": {
            "name": "AssertionError",
            "message": "expected 'error' to equal 'failure'",
            "showDiff": true,
            "actual": "error",
            "expected": "failure",
            "operator": "strictEqual",
            "stack": "AssertionError: expected 'error' to equal 'failure'\n    at should.equal (node_modules/chai/lib/chai/interface/should.js:98:35)\n    at Context.<anonymous> (file:///home/runner/work/vc-test-suite-template/vc-test-suite-template/tests/test-runner.js:41:18)"
          }
        }
      ],
      "root": false,
      "pending": false,
      "_retries": -1,
      "_beforeEach": [],
      "_beforeAll": [],
      "_afterEach": [],
      "_afterAll": [],
      "_timeout": 150000,
      "_slow": 75,
      "_bail": false,
      "_onlyTests": [],
      "_onlySuites": [],
      "delayed": false,
      "parent": "cqChWYnE4AYthQgWJloLp",
      "file": "/home/runner/work/vc-test-suite-template/vc-test-suite-template/tests/test-runner.js",
      "matrix": true,
      "report": true,
      "implemented": [
        "example-sdk",
        "example-server"
      ],
      "rowLabel": "Test Name",
      "columnLabel": "Implementation",
      "_testId": "urn:uuid:5acbb9d7-286b-4325-abe0-034b8984d4fc"
    }
  ],
  "tests": [],
  "root": true,
  "pending": false,
  "_retries": -1,
  "_beforeEach": [],
  "_beforeAll": [],
  "_afterEach": [],
  "_afterAll": [],
  "_timeout": 150000,
  "_slow": 75,
  "_bail": false,
  "_onlyTests": [],
  "_onlySuites": [],
  "delayed": false,
  "_events": {
    "pre-require": [
      null,
      null
    ]
  },
  "_eventsCount": 1,
  "_testId": "urn:uuid:2a0a7921-0e79-4635-acf7-c7f55c0e5ead"
}